// Jest Snapshot v1, https://goo.gl/fbAQLP

exports[`AboutModal renders in the closed state 1`] = `
{
  "asFragment": [Function],
  "baseElement": <body>
    <div />
    <div />
  </body>,
  "container": <div />,
  "debug": [Function],
  "findAllByAltText": [Function],
  "findAllByDisplayValue": [Function],
  "findAllByLabelText": [Function],
  "findAllByPlaceholderText": [Function],
  "findAllByRole": [Function],
  "findAllByTestId": [Function],
  "findAllByText": [Function],
  "findAllByTitle": [Function],
  "findByAltText": [Function],
  "findByDisplayValue": [Function],
  "findByLabelText": [Function],
  "findByPlaceholderText": [Function],
  "findByRole": [Function],
  "findByTestId": [Function],
  "findByText": [Function],
  "findByTitle": [Function],
  "getAllByAltText": [Function],
  "getAllByDisplayValue": [Function],
  "getAllByLabelText": [Function],
  "getAllByPlaceholderText": [Function],
  "getAllByRole": [Function],
  "getAllByTestId": [Function],
  "getAllByText": [Function],
  "getAllByTitle": [Function],
  "getByAltText": [Function],
  "getByDisplayValue": [Function],
  "getByLabelText": [Function],
  "getByPlaceholderText": [Function],
  "getByRole": [Function],
  "getByTestId": [Function],
  "getByText": [Function],
  "getByTitle": [Function],
  "queryAllByAltText": [Function],
  "queryAllByDisplayValue": [Function],
  "queryAllByLabelText": [Function],
  "queryAllByPlaceholderText": [Function],
  "queryAllByRole": [Function],
  "queryAllByTestId": [Function],
  "queryAllByText": [Function],
  "queryAllByTitle": [Function],
  "queryByAltText": [Function],
  "queryByDisplayValue": [Function],
  "queryByLabelText": [Function],
  "queryByPlaceholderText": [Function],
  "queryByRole": [Function],
  "queryByTestId": [Function],
  "queryByText": [Function],
  "queryByTitle": [Function],
  "rerender": [Function],
  "unmount": [Function],
}
`;

exports[`AboutModal renders in the open state 1`] = `
{
  "asFragment": [Function],
  "baseElement": <body
    class="pf-c-backdrop__open"
  >
    <div
      aria-hidden="true"
    />
    <div>
      <div
        class="pf-c-backdrop"
      >
        <div
          class="pf-l-bullseye"
        >
          <div
            aria-describedby="pf-modal-part-3"
            aria-labelledby="pf-modal-part-2"
            aria-modal="true"
            class="pf-c-modal-box pf-m-sm"
            data-ouia-component-id="OUIA-Generated-Modal-small-2"
            data-ouia-component-type="PF4/ModalContent"
            data-ouia-safe="true"
            id="pf-modal-part-1"
            role="dialog"
          >
            <button
              aria-disabled="false"
              aria-label="Close"
              class="pf-c-button pf-m-plain"
              data-ouia-component-id="OUIA-Generated-Modal-small-2-ModalBoxCloseButton"
              data-ouia-component-type="PF4/Button"
              data-ouia-safe="true"
              type="button"
            >
              <svg
                aria-hidden="true"
                fill="currentColor"
                height="1em"
                role="img"
                style="vertical-align: -0.125em;"
                viewBox="0 0 352 512"
                width="1em"
              >
                <path
                  d="M242.72 256l100.07-100.07c12.28-12.28 12.28-32.19 0-44.48l-22.24-22.24c-12.28-12.28-32.19-12.28-44.48 0L176 189.28 75.93 89.21c-12.28-12.28-32.19-12.28-44.48 0L9.21 111.45c-12.28 12.28-12.28 32.19 0 44.48L109.28 256 9.21 356.07c-12.28 12.28-12.28 32.19 0 44.48l22.24 22.24c12.28 12.28 32.2 12.28 44.48 0L176 322.72l100.07 100.07c12.28 12.28 32.2 12.28 44.48 0l22.24-22.24c12.28-12.28 12.28-32.19 0-44.48L242.72 256z"
                />
              </svg>
            </button>
            <header
              class="pf-c-modal-box__header"
            >
              <h1
                class="pf-c-modal-box__title"
                id="pf-modal-part-2"
              >
                <span
                  class="pf-c-modal-box__title-text"
                >
                  About
                </span>
              </h1>
            </header>
            <div
              aria-label="About modal"
              class="pf-c-modal-box__body"
              id="pf-modal-part-3"
              role="region"
              tabindex="0"
            >
              <div
                class="pf-u-text-align-center"
              >
                <img
                  alt="ChatScape logo"
                  class="pf-x-logo--about pf-u-mt-md pf-u-mb-lg"
                  data-nimg="1"
                  decoding="async"
                  height="40"
                  loading="lazy"
                  src="/_next/image?url=%2Fimg.jpg&w=96&q=75"
                  srcset="/_next/image?url=%2Fimg.jpg&w=48&q=75 1x, /_next/image?url=%2Fimg.jpg&w=96&q=75 2x"
                  style="color: transparent;"
                  width="40"
                />
                <p>
                  Â© AGPL-3.0 2023 Felicitas Pojtinger
                </p>
                <p>
                  Find the source code here:
                   
                  <a
                    href="https://github.com/pojntfx/chatscape"
                    target="_blank"
                  >
                    pojntfx/chatscape
                  </a>
                   
                  (
                  <a
                    href="https://felicitas.pojtinger.com/imprint"
                    target="_blank"
                  >
                    Imprint
                  </a>
                  )
                </p>
              </div>
            </div>
          </div>
        </div>
      </div>
    </div>
  </body>,
  "container": <div
    aria-hidden="true"
  />,
  "debug": [Function],
  "findAllByAltText": [Function],
  "findAllByDisplayValue": [Function],
  "findAllByLabelText": [Function],
  "findAllByPlaceholderText": [Function],
  "findAllByRole": [Function],
  "findAllByTestId": [Function],
  "findAllByText": [Function],
  "findAllByTitle": [Function],
  "findByAltText": [Function],
  "findByDisplayValue": [Function],
  "findByLabelText": [Function],
  "findByPlaceholderText": [Function],
  "findByRole": [Function],
  "findByTestId": [Function],
  "findByText": [Function],
  "findByTitle": [Function],
  "getAllByAltText": [Function],
  "getAllByDisplayValue": [Function],
  "getAllByLabelText": [Function],
  "getAllByPlaceholderText": [Function],
  "getAllByRole": [Function],
  "getAllByTestId": [Function],
  "getAllByText": [Function],
  "getAllByTitle": [Function],
  "getByAltText": [Function],
  "getByDisplayValue": [Function],
  "getByLabelText": [Function],
  "getByPlaceholderText": [Function],
  "getByRole": [Function],
  "getByTestId": [Function],
  "getByText": [Function],
  "getByTitle": [Function],
  "queryAllByAltText": [Function],
  "queryAllByDisplayValue": [Function],
  "queryAllByLabelText": [Function],
  "queryAllByPlaceholderText": [Function],
  "queryAllByRole": [Function],
  "queryAllByTestId": [Function],
  "queryAllByText": [Function],
  "queryAllByTitle": [Function],
  "queryByAltText": [Function],
  "queryByDisplayValue": [Function],
  "queryByLabelText": [Function],
  "queryByPlaceholderText": [Function],
  "queryByRole": [Function],
  "queryByTestId": [Function],
  "queryByText": [Function],
  "queryByTitle": [Function],
  "rerender": [Function],
  "unmount": [Function],
}
`;
